	linux-vdso.so.1 (0x00007ffd1803f000)
	libc10.so => /data/scratch-fast/kwen1/micromamba/root/envs/causal_forcing/lib/python3.10/site-packages/torch/lib/libc10.so (0x00007f3ea0f49000)
	libc10_cuda.so => /data/scratch-fast/kwen1/micromamba/root/envs/causal_forcing/lib/python3.10/site-packages/torch/lib/libc10_cuda.so (0x00007f3ea0ea4000)
	libtorch_cpu.so => /data/scratch-fast/kwen1/micromamba/root/envs/causal_forcing/lib/python3.10/site-packages/torch/lib/libtorch_cpu.so (0x00007f3e8c9ec000)
	libtorch_cuda.so => /data/scratch-fast/kwen1/micromamba/root/envs/causal_forcing/lib/python3.10/site-packages/torch/lib/libtorch_cuda.so (0x00007f3e50dfa000)
	libtorch.so => /data/scratch-fast/kwen1/micromamba/root/envs/causal_forcing/lib/python3.10/site-packages/torch/lib/libtorch.so (0x00007f3e50dab000)
	libtorch_python.so => /data/scratch-fast/kwen1/micromamba/root/envs/causal_forcing/lib/python3.10/site-packages/torch/lib/libtorch_python.so (0x00007f3e4fae3000)
	libcudart.so.12 => /data/scratch-fast/kwen1/structured-hadamard/real-model-phase-a/envs/cuda-build-tools-12.8.93/lib/libcudart.so.12 (0x00007f3e4f800000)
	libstdc++.so.6 => /data/scratch-fast/kwen1/structured-hadamard/real-model-phase-a/envs/cuda-build-tools-12.8.93/lib/libstdc++.so.6 (0x00007f3e4f54b000)
	libm.so.6 => /lib/x86_64-linux-gnu/libm.so.6 (0x00007f3e4f464000)
	libgcc_s.so.1 => /data/scratch-fast/kwen1/structured-hadamard/real-model-phase-a/envs/cuda-build-tools-12.8.93/lib/libgcc_s.so.1 (0x00007f3e4f436000)
	libc.so.6 => /lib/x86_64-linux-gnu/libc.so.6 (0x00007f3e4f20d000)
	/lib64/ld-linux-x86-64.so.2 (0x00007f3ea1147000)
	libdl.so.2 => /lib/x86_64-linux-gnu/libdl.so.2 (0x00007f3e4fac0000)
	libpthread.so.0 => /lib/x86_64-linux-gnu/libpthread.so.0 (0x00007f3e4fabb000)
	librt.so.1 => /lib/x86_64-linux-gnu/librt.so.1 (0x00007f3e4f208000)
	libgomp.so.1 => /data/scratch-fast/kwen1/micromamba/root/envs/causal_forcing/lib/python3.10/site-packages/torch/lib/libgomp.so.1 (0x00007f3e4ee00000)
	libcupti.so.12 => /data/scratch-fast/kwen1/micromamba/root/envs/causal_forcing/lib/python3.10/site-packages/torch/lib/../../nvidia/cuda_cupti/lib/libcupti.so.12 (0x00007f3e4e692000)
	libcusparse.so.12 => /data/scratch-fast/kwen1/micromamba/root/envs/causal_forcing/lib/python3.10/site-packages/torch/lib/../../nvidia/cusparse/lib/libcusparse.so.12 (0x00007f3e37200000)
	libcufft.so.11 => /data/scratch-fast/kwen1/micromamba/root/envs/causal_forcing/lib/python3.10/site-packages/torch/lib/../../nvidia/cufft/lib/libcufft.so.11 (0x00007f3e25e00000)
	libcufile.so.0 => /data/scratch-fast/kwen1/micromamba/root/envs/causal_forcing/lib/python3.10/site-packages/torch/lib/../../nvidia/cufile/lib/libcufile.so.0 (0x00007f3e25b03000)
	libcusparseLt.so.0 => /data/scratch-fast/kwen1/micromamba/root/envs/causal_forcing/lib/python3.10/site-packages/torch/lib/../../nvidia/cusparselt/lib/libcusparseLt.so.0 (0x00007f3e0a993000)
	libnccl.so.2 => /data/scratch-fast/kwen1/micromamba/root/envs/causal_forcing/lib/python3.10/site-packages/torch/lib/../../nvidia/nccl/lib/libnccl.so.2 (0x00007f3df1e00000)
	libcurand.so.10 => /data/scratch-fast/kwen1/micromamba/root/envs/causal_forcing/lib/python3.10/site-packages/torch/lib/../../nvidia/curand/lib/libcurand.so.10 (0x00007f3de9200000)
	libcublas.so.12 => /data/scratch-fast/kwen1/micromamba/root/envs/causal_forcing/lib/python3.10/site-packages/torch/lib/../../nvidia/cublas/lib/libcublas.so.12 (0x00007f3de2000000)
	libcublasLt.so.12 => /data/scratch-fast/kwen1/micromamba/root/envs/causal_forcing/lib/python3.10/site-packages/torch/lib/../../nvidia/cublas/lib/libcublasLt.so.12 (0x00007f3dafc00000)
	libcudnn.so.9 => /data/scratch-fast/kwen1/micromamba/root/envs/causal_forcing/lib/python3.10/site-packages/torch/lib/../../nvidia/cudnn/lib/libcudnn.so.9 (0x00007f3daf800000)
	libshm.so => /data/scratch-fast/kwen1/micromamba/root/envs/causal_forcing/lib/python3.10/site-packages/torch/lib/libshm.so (0x00007f3e4f1f9000)
	libutil.so.1 => /lib/x86_64-linux-gnu/libutil.so.1 (0x00007f3e4f1f4000)
	libnvJitLink.so.12 => /data/scratch-fast/kwen1/micromamba/root/envs/causal_forcing/lib/python3.10/site-packages/torch/lib/../../nvidia/cusparse/lib/../../nvjitlink/lib/libnvJitLink.so.12 (0x00007f3da9d18000)
