recorded_at_utc=2026-09-01T21:48:31Z
hostname=slurm-login-0.csail.mit.edu
cuda_visible_devices=EMPTY_BY_CONTRACT
test_triton_34_libdevice_import_and_tie_rounding_without_gpu (experiments.structured_hadamard.phase_a.tests.test_transform.TransformContractTest) ... ok

----------------------------------------------------------------------
Ran 1 test in 0.002s

OK
python=3.10.20 | packaged by conda-forge | (main, Jun 11 2026, 03:31:56) [GCC 14.3.0]
triton_distribution=3.4.0
triton_package=/data/scratch-fast/kwen1/micromamba/root/envs/causal_forcing/lib/python3.10/site-packages/triton/__init__.py
initial_extra_has_libdevice=False
supported_module=triton.language.extra.libdevice
supported_module_path=/data/scratch-fast/kwen1/micromamba/root/envs/causal_forcing/lib/python3.10/site-packages/triton/language/extra/libdevice.py
supported_has_rint=True
after_supported_import_extra_has_libdevice=True
fixed_kernel_cache_key_sha256=f071ecd46552e5245a52190604fd1a4cd2a156fe86a0b14a4a0b46795e05304f
torch_imported=False
cuda_runtime_modules=[]
file=/data/scratch-fast/kwen1/micromamba/root/envs/causal_forcing/lib/python3.10/site-packages/triton/__init__.py|size=1464|sha256=08441d399eb32c7b84546a09ee497663071f04120f064390cf30e31ebea26ce3
file=/data/scratch-fast/kwen1/micromamba/root/envs/causal_forcing/lib/python3.10/site-packages/triton/language/extra/__init__.py|size=655|sha256=5d15c5bebef8d7aa51b21fd187e5faa95eba4a213254355bc69e0648013599f7
file=/data/scratch-fast/kwen1/micromamba/root/envs/causal_forcing/lib/python3.10/site-packages/triton/language/extra/libdevice.py|size=6318|sha256=0e48b5e1e95136642ccfe62dc3d0a739a2c20a7b5ee13e9c23c6cecd68cdeb70
file=/data/scratch-fast/kwen1/structured-hadamard/rot-phasea-libdevice-fix-gpu-r2-corrected-owner-run/attempt-20260901T214700Z-48a972220979/source-48a972220979/experiments/structured_hadamard/phase_a/activation_quantizer.py|size=4505|sha256=e97278b3588e2fc6a48c873156e02efee2336d8077a19085ddba4cc57710e93a
